// Jest Snapshot v1, https://goo.gl/fbAQLP

exports[`Category Card should render link output 1`] = `
<li>
  <a
    href="/category/undefined"
    onClick={[Function]}
  />
</li>
`;

exports[`Category Card should render props and links output 1`] = `
<li>
  <a
    href="/category/undefined"
    onClick={[Function]}
  />
</li>
`;
